Testing DB connection...
DB Error: Failed query: select "vehicles"."id", "vehicles"."company_id", "vehicles"."registrationNumber", "vehicles"."model", "vehicles"."manufacturer", "vehicles"."vin", "vehicles"."color", "vehicles"."description", "vehicles"."year", "vehicles"."odometer", "vehicles"."sim_serial_number", "vehicles"."assetId", "vehicles"."flespi_ident", "vehicles"."createdAt", "vehicles"."updatedAt", "vehicles"."deletedAt", "vehicles_drivers"."data" as "drivers" from "vehicles" "vehicles" left join lateral (select coalesce(json_agg(json_build_array("vehicles_drivers"."id", "vehicles_drivers"."company_id", "vehicles_drivers"."firstName", "vehicles_drivers"."lastName", "vehicles_drivers"."phoneNumber", "vehicles_drivers"."alternativePhone", "vehicles_drivers"."status", "vehicles_drivers"."passwordHash", "vehicles_drivers"."role", "vehicles_drivers"."vehicleId", "vehicles_drivers"."lastLogin", "vehicles_drivers"."createdAt", "vehicles_drivers"."updatedAt", "vehicles_drivers"."deletedAt")), '[]'::json) as "data" from "drivers" "vehicles_drivers" where "vehicles_drivers"."vehicleId" = "vehicles"."id") "vehicles_drivers" on true where "vehicles"."deletedAt" is null
params: 
Code: undefined
Detail: undefined
Stack: Error: Failed query: select "vehicles"."id", "vehicles"."company_id", "vehicles"."registrationNumber", "vehicles"."model", "vehicles"."manufacturer", "vehicles"."vin", "vehicles"."color", "vehicles"."description", "vehicles"."year", "vehicles"."odometer", "vehicles"."sim_serial_number", "vehicles"."assetId", "vehicles"."flespi_ident", "vehicles"."createdAt", "vehicles"."updatedAt", "vehicles"."deletedAt", "vehicles_drivers"."data" as "drivers" from "vehicles" "vehicles" left join lateral (select coalesce(json_agg(json_build_array("vehicles_drivers"."id", "vehicles_drivers"."company_id", "vehicles_drivers"."firstName", "vehicles_drivers"."lastName", "vehicles_drivers"."phoneNumber", "vehicles_drivers"."alternativePhone", "vehicles_drivers"."status", "vehicles_drivers"."passwordHash", "vehicles_drivers"."role", "vehicles_drivers"."vehicleId", "vehicles_drivers"."lastLogin", "vehicles_drivers"."createdAt", "vehicles_drivers"."updatedAt", "vehicles_drivers"."deletedAt")), '[]'::json) as "data" from "drivers" "vehicles_drivers" where "vehicles_drivers"."vehicleId" = "vehicles"."id") "vehicles_drivers" on true where "vehicles"."deletedAt" is null
params: 
    at NodePgPreparedQuery.queryWithCache (C:\Users\HomePC\fleetmanagement\node_modules\.pnpm\drizzle-orm@0.44.4_@types+pg@8.15.5_pg@8.16.3\node_modules\src\pg-core\session.ts:73:11)
    at process.processTicksAndRejections (node:internal/process/task_queues:103:5)
    at async <anonymous> (C:\Users\HomePC\fleetmanagement\node_modules\.pnpm\drizzle-orm@0.44.4_@types+pg@8.15.5_pg@8.16.3\node_modules\src\node-postgres\session.ts:154:19)
    at async test (C:\Users\HomePC\fleetmanagement\tmp\test-db.ts:11:25)
